(n0:4.926876639043,((n1:0.092501292168,n2:0.092501292168):2.151229766277,(n4:0.179025801152,n3:0.179025801152):2.064705257293):2.683145580598);

Branch length mean: 0.281977 vs 0.2823492 (ref)
Branch length variance: 0.052816 vs 0.05321786 (ref)
