Test convergence of Gillespie direct on one branch
   0.192064 0.207
   0.230298 0.215
   0.233056 0.229
 0.00204146 0.001
6.82864E-07     0
3.91614E-09     0
4.50594E-08     0
1.33304E-09     0
   0.271512 0.282
 0.00111919     0
1.08756E-10     0
 0.00501554 0.006
7.22811E-11     0
9.70161E-11     0
7.04754E-07     0
0.000674593     0
  0.0642129  0.06
2.77005E-10     0
1.35292E-08     0
5.28832E-06     0
Test convergence of Gillespie first reaction on one branch
   0.192064 0.188
   0.230298 0.212
   0.233056 0.241
 0.00204146 0.002
6.82864E-07     0
3.91614E-09     0
4.50594E-08     0
1.33304E-09     0
   0.271512 0.286
 0.00111919 0.001
1.08756E-10     0
 0.00501554 0.007
7.22811E-11     0
9.70161E-11     0
7.04754E-07     0
0.000674593 0.002
  0.0642129 0.061
2.77005E-10     0
1.35292E-08     0
5.28832E-06     0
Test branch length in substitutions
Expected: 0.500000
Got: 0.496450
